// Jest Snapshot v1, https://goo.gl/fbAQLP

exports[`should match snapshot 1`] = `
<div>
  <ul
    class="navbar"
  >
    <li>
      <a
        class="navbar__link"
        href="#projects"
      >
        Projects
      </a>
    </li>
    <li>
      <a
        class="navbar__link"
        href="#about"
      >
        About
      </a>
    </li>
    <li>
      <a
        class="navbar__link"
        href="#contact"
      >
        Contact
      </a>
    </li>
  </ul>
</div>
`;
