// Jest Snapshot v1, https://goo.gl/fbAQLP

exports[`should match snapshot 1`] = `
<div>
  <button>
    <img
      alt="Open menu"
      class="hamburger"
      src="hamburger.svg"
    />
  </button>
</div>
`;
